// Jest Snapshot v1, https://goo.gl/fbAQLP

exports[`MonthRangeDoublePickerCalendar should render component 1`] = `
.c6 {
  position: absolute;
  top: 0;
  left: 0;
  height: 100%;
}

.c6>svg {
  height: 24px;
  width: 24px;
}

.c5 {
  width: 32px;
  height: 32px;
  border-radius: 50%;
  background-color: transparent;
  pointer-events: none;
  position: absolute;
  left: 50%;
  top: 50%;
  transform: translate(-50%, -50%);
}

.c3 {
  position: relative;
  padding: 0;
  margin: 4px;
  box-sizing: border-box;
  border: none;
  background-color: transparent;
  appearance: none;
  flex: 0 0 auto;
  height: 24px;
  width: 24px;
  border-radius: 4px;
  overflow: visible;
  cursor: pointer;
}

.c3 >* {
  pointer-events: none;
}

.c3:disabled {
  cursor: default;
  pointer-events: none;
}

.c3:disabled *[fill^='#'] {
  fill: #B0B5BD;
}

.c3:focus-visible {
  outline-offset: 2px;
  outline: #0062FF solid 2px;
}

.c3:focus >.c4 {
  background-color: transparent;
}

.c3:hover >.c4 {
  background-color: #0000000D;
}

.c3:active >.c4 {
  background-color: #0000001F;
}

.c3:focus-visible >.c4 {
  background-color: transparent;
}

.c12 {
  position: relative;
  width: 84px;
  height: 36px;
  cursor: pointer;
}

.c12>* {
  pointer-events: none;
}

.c12[data-disabled-cell='true'] {
  cursor: default;
}

.c12[data-hidden-cell='true'] {
  cursor: default;
}

.c22 {
  position: relative;
  width: 60px;
  height: 36px;
  cursor: pointer;
}

.c22>* {
  pointer-events: none;
}

.c22[data-disabled-cell='true'] {
  cursor: default;
}

.c22[data-hidden-cell='true'] {
  cursor: default;
}

.c13 {
  position: absolute;
  top: 0;
  width: 50%;
  height: 100%;
  background-color: transparent;
  left: 0;
  border-top-left-radius: 4px;
  border-bottom-left-radius: 4px;
}

.c16 {
  position: absolute;
  top: 0;
  width: 50%;
  height: 100%;
  background-color: transparent;
  left: 0;
}

.c14 {
  position: absolute;
  top: 0;
  width: 50%;
  height: 100%;
  background-color: transparent;
  right: 0;
}

.c17 {
  position: absolute;
  top: 0;
  width: 50%;
  height: 100%;
  background-color: transparent;
  right: 0;
  border-top-right-radius: 4px;
  border-bottom-right-radius: 4px;
}

.c15 {
  position: absolute;
  top: 0;
  left: 0;
  box-sizing: border-box;
  text-align: center;
  width: 100%;
  height: 100%;
  padding: 7px 0;
  font-family: 'VTB Group UI',sans-serif;
  font-style: normal;
  font-weight: 400;
  font-size: 14px;
  line-height: 20px;
  font-feature-settings: 'tnum' on,'lnum' on;
  text-rendering: geometricPrecision;
  color: #23262D;
  background-color: #FFFFFF;
  border: 1px #FFFFFF solid;
  border-radius: 18px;
}

.c18 {
  position: absolute;
  top: 0;
  left: 0;
  box-sizing: border-box;
  text-align: center;
  width: 100%;
  height: 100%;
  padding: 7px 0;
  font-family: 'VTB Group UI',sans-serif;
  font-style: normal;
  font-weight: 400;
  font-size: 14px;
  line-height: 20px;
  font-feature-settings: 'tnum' on,'lnum' on;
  text-rendering: geometricPrecision;
  color: #23262D;
  background-color: #FFFFFF;
  border: 1px #FFFFFF solid;
  border-radius: 18px;
  border-color: #23262D;
}

.c11 {
  height: 240px;
  box-sizing: border-box;
  display: flex;
  flex-wrap: wrap;
  align-content: space-between;
}

.c9 {
  background-color: #FFFFFF;
  width: 252px;
  margin: 28px 16px 36px 16px;
  font-family: 'VTB Group UI',sans-serif;
  font-style: normal;
  font-weight: 400;
  font-size: 14px;
  line-height: 20px;
  font-feature-settings: 'tnum' on,'lnum' on;
  text-rendering: geometricPrecision;
}

.c21 {
  height: 244px;
  box-sizing: border-box;
  display: flex;
  flex-wrap: wrap;
  align-content: space-between;
}

.c19 {
  background-color: #FFFFFF;
  width: 240px;
  margin: 28px 22px 32px 22px;
  font-family: 'VTB Group UI',sans-serif;
  font-style: normal;
  font-weight: 400;
  font-size: 14px;
  line-height: 20px;
  font-feature-settings: 'tnum' on,'lnum' on;
  text-rendering: geometricPrecision;
}

.c0 {
  box-sizing: border-box;
  display: flex;
  width: 568px;
  height: 356px;
  background-color: #FFFFFF;
  border-radius: 4px;
  box-shadow: 0px 3.2px 9px 0px rgba(0, 0, 0, 0.16),0px 0.6px 1.8px 0px rgba(0, 0, 0, 0.10),0px -1.5px 6px 0px rgba(0, 0, 0, 0.06);
}

.c1 {
  box-sizing: border-box;
  display: flex;
  flex-direction: column;
  align-items: center;
  align-content: space-between;
  padding-top: 20px;
  width: 284px;
  height: 356px;
}

.c8 {
  position: relative;
  width: 100%;
  height: 100%;
  padding: 0;
  margin: 0;
}

.c8>div {
  position: absolute;
  top: 0;
  left: 0;
}

.c10 {
  visibility: visible;
}

.c20 {
  visibility: hidden;
}

.c2 {
  box-sizing: border-box;
  width: 284PX;
  height: 32px;
  padding: 0 12px;
  display: flex;
  justify-content: space-between;
}

.c7 {
  padding: 4px 8px;
  border-radius: 16px;
  cursor: pointer;
  color: #0062FF;
  font-family: 'VTB Group UI',sans-serif;
  font-style: normal;
  font-weight: 550;
  font-size: 16px;
  line-height: 24px;
  font-feature-settings: 'tnum' on,'lnum' on;
  text-rendering: geometricPrecision;
  background-color: #FFFFFF;
}

.c7:hover {
  background-color: #0000000D;
}

<div>
  <div
    class="c0"
  >
    <div
      class="c1"
    >
      <div
        class="c2"
      >
        <button
          class="c3"
          data-panel-target-type="left"
          type="button"
        >
          <div
            aria-hidden="true"
            class="c4 c5"
          />
          <div
            aria-hidden="true"
            class="c6"
          >
            <svg
              fill="none"
              focusable="false"
              viewBox="0 0 24 24"
              xmlns="http://www.w3.org/2000/svg"
            >
              <path
                d="M14.508 18.754c.18 0 .35-.07.48-.21.24-.27.22-.68-.04-.92l-6.369-5.74 6.41-5.55a.65.65 0 0 0 .04-.92.658.658 0 0 0-.92-.04l-6.9 5.99c-.31.28-.31.76 0 1.04l6.86 6.18c.13.12.28.17.44.17"
                fill="#717681"
              />
            </svg>
          </div>
        </button>
        <div
          class="c7"
          data-panel-target-type="year"
        >
          2023
        </div>
        <button
          class="c3"
          data-panel-target-type="right"
          type="button"
        >
          <div
            aria-hidden="true"
            class="c4 c5"
          />
          <div
            aria-hidden="true"
            class="c6"
          >
            <svg
              fill="none"
              focusable="false"
              viewBox="0 0 24 24"
              xmlns="http://www.w3.org/2000/svg"
            >
              <path
                d="M9.474 18.754c-.18 0-.35-.07-.48-.21a.658.658 0 0 1 .04-.92l6.37-5.74-6.41-5.55a.65.65 0 0 1-.04-.92c.24-.26.65-.28.92-.04l6.9 5.99c.31.28.31.76 0 1.04l-6.86 6.18c-.13.12-.28.17-.44.17"
                fill="#717681"
              />
            </svg>
          </div>
        </button>
      </div>
      <div
        class="c8"
      >
        <div
          class="c9 c10"
          data-container-type="monthsOfYearWrapper"
        >
          <div
            class="c11"
            data-container-type="monthsWrapper"
          >
            <div
              class="c12"
              data-cell-type="monthCell"
              data-is-start-of-week-cell="true"
              data-value="2023-01-01T09:00:00.000Z"
            >
              <div
                class="c13"
              />
              <div
                class="c14"
              />
              <div
                class="c15"
              >
                Январь
              </div>
            </div>
            <div
              class="c12"
              data-cell-type="monthCell"
              data-value="2023-02-01T09:00:00.000Z"
            >
              <div
                class="c16"
              />
              <div
                class="c14"
              />
              <div
                class="c15"
              >
                Февраль
              </div>
            </div>
            <div
              class="c12"
              data-cell-type="monthCell"
              data-is-end-of-week-cell="true"
              data-value="2023-03-01T09:00:00.000Z"
            >
              <div
                class="c16"
              />
              <div
                class="c17"
              />
              <div
                class="c15"
              >
                Март
              </div>
            </div>
            <div
              class="c12"
              data-cell-type="monthCell"
              data-is-start-of-week-cell="true"
              data-value="2023-04-01T09:00:00.000Z"
            >
              <div
                class="c13"
              />
              <div
                class="c14"
              />
              <div
                class="c15"
              >
                Апрель
              </div>
            </div>
            <div
              class="c12"
              data-cell-type="monthCell"
              data-value="2023-05-01T09:00:00.000Z"
            >
              <div
                class="c16"
              />
              <div
                class="c14"
              />
              <div
                class="c15"
              >
                Май
              </div>
            </div>
            <div
              class="c12"
              data-cell-type="monthCell"
              data-is-end-of-week-cell="true"
              data-value="2023-06-01T09:00:00.000Z"
            >
              <div
                class="c16"
              />
              <div
                class="c17"
              />
              <div
                class="c15"
              >
                Июнь
              </div>
            </div>
            <div
              class="c12"
              data-cell-type="monthCell"
              data-is-start-of-week-cell="true"
              data-value="2023-07-01T09:00:00.000Z"
            >
              <div
                class="c13"
              />
              <div
                class="c14"
              />
              <div
                class="c15"
              >
                Июль
              </div>
            </div>
            <div
              class="c12"
              data-cell-type="monthCell"
              data-value="2023-08-01T09:00:00.000Z"
            >
              <div
                class="c16"
              />
              <div
                class="c14"
              />
              <div
                class="c15"
              >
                Август
              </div>
            </div>
            <div
              class="c12"
              data-cell-type="monthCell"
              data-is-end-of-week-cell="true"
              data-value="2023-09-01T09:00:00.000Z"
            >
              <div
                class="c16"
              />
              <div
                class="c17"
              />
              <div
                class="c15"
              >
                Сентябрь
              </div>
            </div>
            <div
              class="c12"
              data-cell-type="monthCell"
              data-is-start-of-week-cell="true"
              data-value="2023-10-01T09:00:00.000Z"
            >
              <div
                class="c13"
              />
              <div
                class="c14"
              />
              <div
                class="c15"
              >
                Октябрь
              </div>
            </div>
            <div
              class="c12"
              data-cell-type="monthCell"
              data-value="2023-11-01T09:00:00.000Z"
            >
              <div
                class="c16"
              />
              <div
                class="c14"
              />
              <div
                class="c15"
              >
                Ноябрь
              </div>
            </div>
            <div
              class="c12"
              data-cell-type="monthCell"
              data-is-current-day-cell="true"
              data-is-end-of-week-cell="true"
              data-value="2023-12-01T09:00:00.000Z"
            >
              <div
                class="c16"
              />
              <div
                class="c17"
              />
              <div
                class="c18"
              >
                Декабрь
              </div>
            </div>
          </div>
        </div>
        <div
          class="c19 c20"
          data-container-type="yearsOfYearWrapper"
        >
          <div
            class="c21"
            data-container-type="yearsWrapper"
          >
            <div
              class="c22"
              data-cell-type="yearCell"
              data-value="2021-01-01T09:00:00.000Z"
            >
              <div
                class="c16"
              />
              <div
                class="c14"
              />
              <div
                class="c15"
              >
                2021
              </div>
            </div>
            <div
              class="c22"
              data-cell-type="yearCell"
              data-value="2022-01-01T09:00:00.000Z"
            >
              <div
                class="c16"
              />
              <div
                class="c14"
              />
              <div
                class="c15"
              >
                2022
              </div>
            </div>
            <div
              class="c22"
              data-cell-type="yearCell"
              data-is-current-year="true"
              data-value="2023-01-01T09:00:00.000Z"
            >
              <div
                class="c16"
              />
              <div
                class="c14"
              />
              <div
                class="c18"
              >
                2023
              </div>
            </div>
            <div
              class="c22"
              data-cell-type="yearCell"
              data-value="2024-01-01T09:00:00.000Z"
            >
              <div
                class="c16"
              />
              <div
                class="c14"
              />
              <div
                class="c15"
              >
                2024
              </div>
            </div>
            <div
              class="c22"
              data-cell-type="yearCell"
              data-value="2025-01-01T09:00:00.000Z"
            >
              <div
                class="c16"
              />
              <div
                class="c14"
              />
              <div
                class="c15"
              >
                2025
              </div>
            </div>
            <div
              class="c22"
              data-cell-type="yearCell"
              data-value="2026-01-01T09:00:00.000Z"
            >
              <div
                class="c16"
              />
              <div
                class="c14"
              />
              <div
                class="c15"
              >
                2026
              </div>
            </div>
            <div
              class="c22"
              data-cell-type="yearCell"
              data-value="2027-01-01T09:00:00.000Z"
            >
              <div
                class="c16"
              />
              <div
                class="c14"
              />
              <div
                class="c15"
              >
                2027
              </div>
            </div>
            <div
              class="c22"
              data-cell-type="yearCell"
              data-value="2028-01-01T09:00:00.000Z"
            >
              <div
                class="c16"
              />
              <div
                class="c14"
              />
              <div
                class="c15"
              >
                2028
              </div>
            </div>
            <div
              class="c22"
              data-cell-type="yearCell"
              data-value="2029-01-01T09:00:00.000Z"
            >
              <div
                class="c16"
              />
              <div
                class="c14"
              />
              <div
                class="c15"
              >
                2029
              </div>
            </div>
            <div
              class="c22"
              data-cell-type="yearCell"
              data-value="2030-01-01T09:00:00.000Z"
            >
              <div
                class="c16"
              />
              <div
                class="c14"
              />
              <div
                class="c15"
              >
                2030
              </div>
            </div>
            <div
              class="c22"
              data-cell-type="yearCell"
              data-value="2031-01-01T09:00:00.000Z"
            >
              <div
                class="c16"
              />
              <div
                class="c14"
              />
              <div
                class="c15"
              >
                2031
              </div>
            </div>
            <div
              class="c22"
              data-cell-type="yearCell"
              data-value="2032-01-01T09:00:00.000Z"
            >
              <div
                class="c16"
              />
              <div
                class="c14"
              />
              <div
                class="c15"
              >
                2032
              </div>
            </div>
            <div
              class="c22"
              data-cell-type="yearCell"
              data-value="2033-01-01T09:00:00.000Z"
            >
              <div
                class="c16"
              />
              <div
                class="c14"
              />
              <div
                class="c15"
              >
                2033
              </div>
            </div>
            <div
              class="c22"
              data-cell-type="yearCell"
              data-value="2034-01-01T09:00:00.000Z"
            >
              <div
                class="c16"
              />
              <div
                class="c14"
              />
              <div
                class="c15"
              >
                2034
              </div>
            </div>
            <div
              class="c22"
              data-cell-type="yearCell"
              data-value="2035-01-01T09:00:00.000Z"
            >
              <div
                class="c16"
              />
              <div
                class="c14"
              />
              <div
                class="c15"
              >
                2035
              </div>
            </div>
            <div
              class="c22"
              data-cell-type="yearCell"
              data-value="2036-01-01T09:00:00.000Z"
            >
              <div
                class="c16"
              />
              <div
                class="c14"
              />
              <div
                class="c15"
              >
                2036
              </div>
            </div>
            <div
              class="c22"
              data-cell-type="yearCell"
              data-value="2037-01-01T09:00:00.000Z"
            >
              <div
                class="c16"
              />
              <div
                class="c14"
              />
              <div
                class="c15"
              >
                2037
              </div>
            </div>
            <div
              class="c22"
              data-cell-type="yearCell"
              data-value="2038-01-01T09:00:00.000Z"
            >
              <div
                class="c16"
              />
              <div
                class="c14"
              />
              <div
                class="c15"
              >
                2038
              </div>
            </div>
            <div
              class="c22"
              data-cell-type="yearCell"
              data-value="2039-01-01T09:00:00.000Z"
            >
              <div
                class="c16"
              />
              <div
                class="c14"
              />
              <div
                class="c15"
              >
                2039
              </div>
            </div>
            <div
              class="c22"
              data-cell-type="yearCell"
              data-value="2040-01-01T09:00:00.000Z"
            >
              <div
                class="c16"
              />
              <div
                class="c14"
              />
              <div
                class="c15"
              >
                2040
              </div>
            </div>
          </div>
        </div>
      </div>
    </div>
    <div
      class="c1"
    >
      <div
        class="c2"
      >
        <button
          class="c3"
          data-panel-target-type="left"
          type="button"
        >
          <div
            aria-hidden="true"
            class="c4 c5"
          />
          <div
            aria-hidden="true"
            class="c6"
          >
            <svg
              fill="none"
              focusable="false"
              viewBox="0 0 24 24"
              xmlns="http://www.w3.org/2000/svg"
            >
              <path
                d="M14.508 18.754c.18 0 .35-.07.48-.21.24-.27.22-.68-.04-.92l-6.369-5.74 6.41-5.55a.65.65 0 0 0 .04-.92.658.658 0 0 0-.92-.04l-6.9 5.99c-.31.28-.31.76 0 1.04l6.86 6.18c.13.12.28.17.44.17"
                fill="#717681"
              />
            </svg>
          </div>
        </button>
        <div
          class="c7"
          data-panel-target-type="year"
        >
          2024
        </div>
        <button
          class="c3"
          data-panel-target-type="right"
          type="button"
        >
          <div
            aria-hidden="true"
            class="c4 c5"
          />
          <div
            aria-hidden="true"
            class="c6"
          >
            <svg
              fill="none"
              focusable="false"
              viewBox="0 0 24 24"
              xmlns="http://www.w3.org/2000/svg"
            >
              <path
                d="M9.474 18.754c-.18 0-.35-.07-.48-.21a.658.658 0 0 1 .04-.92l6.37-5.74-6.41-5.55a.65.65 0 0 1-.04-.92c.24-.26.65-.28.92-.04l6.9 5.99c.31.28.31.76 0 1.04l-6.86 6.18c-.13.12-.28.17-.44.17"
                fill="#717681"
              />
            </svg>
          </div>
        </button>
      </div>
      <div
        class="c8"
      >
        <div
          class="c9 c10"
          data-container-type="monthsOfYearWrapper"
        >
          <div
            class="c11"
            data-container-type="monthsWrapper"
          >
            <div
              class="c12"
              data-cell-type="monthCell"
              data-is-start-of-week-cell="true"
              data-value="2024-01-01T09:00:00.000Z"
            >
              <div
                class="c13"
              />
              <div
                class="c14"
              />
              <div
                class="c15"
              >
                Январь
              </div>
            </div>
            <div
              class="c12"
              data-cell-type="monthCell"
              data-value="2024-02-01T09:00:00.000Z"
            >
              <div
                class="c16"
              />
              <div
                class="c14"
              />
              <div
                class="c15"
              >
                Февраль
              </div>
            </div>
            <div
              class="c12"
              data-cell-type="monthCell"
              data-is-end-of-week-cell="true"
              data-value="2024-03-01T09:00:00.000Z"
            >
              <div
                class="c16"
              />
              <div
                class="c17"
              />
              <div
                class="c15"
              >
                Март
              </div>
            </div>
            <div
              class="c12"
              data-cell-type="monthCell"
              data-is-start-of-week-cell="true"
              data-value="2024-04-01T09:00:00.000Z"
            >
              <div
                class="c13"
              />
              <div
                class="c14"
              />
              <div
                class="c15"
              >
                Апрель
              </div>
            </div>
            <div
              class="c12"
              data-cell-type="monthCell"
              data-value="2024-05-01T09:00:00.000Z"
            >
              <div
                class="c16"
              />
              <div
                class="c14"
              />
              <div
                class="c15"
              >
                Май
              </div>
            </div>
            <div
              class="c12"
              data-cell-type="monthCell"
              data-is-end-of-week-cell="true"
              data-value="2024-06-01T09:00:00.000Z"
            >
              <div
                class="c16"
              />
              <div
                class="c17"
              />
              <div
                class="c15"
              >
                Июнь
              </div>
            </div>
            <div
              class="c12"
              data-cell-type="monthCell"
              data-is-start-of-week-cell="true"
              data-value="2024-07-01T09:00:00.000Z"
            >
              <div
                class="c13"
              />
              <div
                class="c14"
              />
              <div
                class="c15"
              >
                Июль
              </div>
            </div>
            <div
              class="c12"
              data-cell-type="monthCell"
              data-value="2024-08-01T09:00:00.000Z"
            >
              <div
                class="c16"
              />
              <div
                class="c14"
              />
              <div
                class="c15"
              >
                Август
              </div>
            </div>
            <div
              class="c12"
              data-cell-type="monthCell"
              data-is-end-of-week-cell="true"
              data-value="2024-09-01T09:00:00.000Z"
            >
              <div
                class="c16"
              />
              <div
                class="c17"
              />
              <div
                class="c15"
              >
                Сентябрь
              </div>
            </div>
            <div
              class="c12"
              data-cell-type="monthCell"
              data-is-start-of-week-cell="true"
              data-value="2024-10-01T09:00:00.000Z"
            >
              <div
                class="c13"
              />
              <div
                class="c14"
              />
              <div
                class="c15"
              >
                Октябрь
              </div>
            </div>
            <div
              class="c12"
              data-cell-type="monthCell"
              data-value="2024-11-01T09:00:00.000Z"
            >
              <div
                class="c16"
              />
              <div
                class="c14"
              />
              <div
                class="c15"
              >
                Ноябрь
              </div>
            </div>
            <div
              class="c12"
              data-cell-type="monthCell"
              data-is-end-of-week-cell="true"
              data-value="2024-12-01T09:00:00.000Z"
            >
              <div
                class="c16"
              />
              <div
                class="c17"
              />
              <div
                class="c15"
              >
                Декабрь
              </div>
            </div>
          </div>
        </div>
        <div
          class="c19 c20"
          data-container-type="yearsOfYearWrapper"
        >
          <div
            class="c21"
            data-container-type="yearsWrapper"
          >
            <div
              class="c22"
              data-cell-type="yearCell"
              data-value="2021-01-01T09:00:00.000Z"
            >
              <div
                class="c16"
              />
              <div
                class="c14"
              />
              <div
                class="c15"
              >
                2021
              </div>
            </div>
            <div
              class="c22"
              data-cell-type="yearCell"
              data-value="2022-01-01T09:00:00.000Z"
            >
              <div
                class="c16"
              />
              <div
                class="c14"
              />
              <div
                class="c15"
              >
                2022
              </div>
            </div>
            <div
              class="c22"
              data-cell-type="yearCell"
              data-is-current-year="true"
              data-value="2023-01-01T09:00:00.000Z"
            >
              <div
                class="c16"
              />
              <div
                class="c14"
              />
              <div
                class="c18"
              >
                2023
              </div>
            </div>
            <div
              class="c22"
              data-cell-type="yearCell"
              data-value="2024-01-01T09:00:00.000Z"
            >
              <div
                class="c16"
              />
              <div
                class="c14"
              />
              <div
                class="c15"
              >
                2024
              </div>
            </div>
            <div
              class="c22"
              data-cell-type="yearCell"
              data-value="2025-01-01T09:00:00.000Z"
            >
              <div
                class="c16"
              />
              <div
                class="c14"
              />
              <div
                class="c15"
              >
                2025
              </div>
            </div>
            <div
              class="c22"
              data-cell-type="yearCell"
              data-value="2026-01-01T09:00:00.000Z"
            >
              <div
                class="c16"
              />
              <div
                class="c14"
              />
              <div
                class="c15"
              >
                2026
              </div>
            </div>
            <div
              class="c22"
              data-cell-type="yearCell"
              data-value="2027-01-01T09:00:00.000Z"
            >
              <div
                class="c16"
              />
              <div
                class="c14"
              />
              <div
                class="c15"
              >
                2027
              </div>
            </div>
            <div
              class="c22"
              data-cell-type="yearCell"
              data-value="2028-01-01T09:00:00.000Z"
            >
              <div
                class="c16"
              />
              <div
                class="c14"
              />
              <div
                class="c15"
              >
                2028
              </div>
            </div>
            <div
              class="c22"
              data-cell-type="yearCell"
              data-value="2029-01-01T09:00:00.000Z"
            >
              <div
                class="c16"
              />
              <div
                class="c14"
              />
              <div
                class="c15"
              >
                2029
              </div>
            </div>
            <div
              class="c22"
              data-cell-type="yearCell"
              data-value="2030-01-01T09:00:00.000Z"
            >
              <div
                class="c16"
              />
              <div
                class="c14"
              />
              <div
                class="c15"
              >
                2030
              </div>
            </div>
            <div
              class="c22"
              data-cell-type="yearCell"
              data-value="2031-01-01T09:00:00.000Z"
            >
              <div
                class="c16"
              />
              <div
                class="c14"
              />
              <div
                class="c15"
              >
                2031
              </div>
            </div>
            <div
              class="c22"
              data-cell-type="yearCell"
              data-value="2032-01-01T09:00:00.000Z"
            >
              <div
                class="c16"
              />
              <div
                class="c14"
              />
              <div
                class="c15"
              >
                2032
              </div>
            </div>
            <div
              class="c22"
              data-cell-type="yearCell"
              data-value="2033-01-01T09:00:00.000Z"
            >
              <div
                class="c16"
              />
              <div
                class="c14"
              />
              <div
                class="c15"
              >
                2033
              </div>
            </div>
            <div
              class="c22"
              data-cell-type="yearCell"
              data-value="2034-01-01T09:00:00.000Z"
            >
              <div
                class="c16"
              />
              <div
                class="c14"
              />
              <div
                class="c15"
              >
                2034
              </div>
            </div>
            <div
              class="c22"
              data-cell-type="yearCell"
              data-value="2035-01-01T09:00:00.000Z"
            >
              <div
                class="c16"
              />
              <div
                class="c14"
              />
              <div
                class="c15"
              >
                2035
              </div>
            </div>
            <div
              class="c22"
              data-cell-type="yearCell"
              data-value="2036-01-01T09:00:00.000Z"
            >
              <div
                class="c16"
              />
              <div
                class="c14"
              />
              <div
                class="c15"
              >
                2036
              </div>
            </div>
            <div
              class="c22"
              data-cell-type="yearCell"
              data-value="2037-01-01T09:00:00.000Z"
            >
              <div
                class="c16"
              />
              <div
                class="c14"
              />
              <div
                class="c15"
              >
                2037
              </div>
            </div>
            <div
              class="c22"
              data-cell-type="yearCell"
              data-value="2038-01-01T09:00:00.000Z"
            >
              <div
                class="c16"
              />
              <div
                class="c14"
              />
              <div
                class="c15"
              >
                2038
              </div>
            </div>
            <div
              class="c22"
              data-cell-type="yearCell"
              data-value="2039-01-01T09:00:00.000Z"
            >
              <div
                class="c16"
              />
              <div
                class="c14"
              />
              <div
                class="c15"
              >
                2039
              </div>
            </div>
            <div
              class="c22"
              data-cell-type="yearCell"
              data-value="2040-01-01T09:00:00.000Z"
            >
              <div
                class="c16"
              />
              <div
                class="c14"
              />
              <div
                class="c15"
              >
                2040
              </div>
            </div>
          </div>
        </div>
      </div>
    </div>
  </div>
</div>
`;
